[Licensing::Module] Trying to connect to existing licensing client channel...
Built from '6000.3/staging' branch; Version is '6000.3.10f1 (e35f0c77bd8e) revision 14901004'; Using compiler version '194234433'; Build Type 'Release'
[Licensing::IpcConnector] Successfully connected to: "LicenseClient-iremb" at "2026-05-08T19:12:44.8001273Z"
OS: 'Windows 11  (10.0.26200) CoreSingleLanguage' Language: 'tr' Physical Memory: 16108 MB
BatchMode: 1, IsHumanControllingUs: 0, StartBugReporterOnCrash: 0, Is64bit: 1
System  architecture: x64
Process architecture: x64
Date: 2026-05-08T19:12:44Z

COMMAND LINE ARGUMENTS:
D:\unityhub\Editor\6000.3.10f1\Editor\Unity.exe
-adb2
-batchMode
-noUpm
-name
AssetImportWorker4
-projectPath
D:/Purr/PurrfectHalf
-logFile
Logs/AssetImportWorker4.log
-srvPort
8143
-job-worker-count
7
-background-job-worker-count
8
-gc-helper-count
1
-name
AssetImport
Successfully changed project path to: D:/Purr/PurrfectHalf
D:/Purr/PurrfectHalf
[UnityMemory] Configuration Parameters - Can be set up in boot.config
    "memorysetup-temp-allocator-size-nav-mesh-worker=65536"
    "memorysetup-temp-allocator-size-audio-worker=65536"
    "memorysetup-temp-allocator-size-gfx=262144"
    "memorysetup-allocator-temp-initial-block-size-main=262144"
    "memorysetup-allocator-temp-initial-block-size-worker=262144"
    "memorysetup-temp-allocator-size-background-worker=32768"
    "memorysetup-temp-allocator-size-job-worker=262144"
    "memorysetup-temp-allocator-size-preload-manager=33554432"
    "memorysetup-temp-allocator-size-gi-baking-worker=262144"
    "memorysetup-temp-allocator-size-gi-baking-worker=262144"
    "memorysetup-temp-allocator-size-gi-baking-worker=262144"
    "memorysetup-temp-allocator-size-gi-baking-worker=262144"
    "memorysetup-temp-allocator-size-gi-baking-worker=262144"
    "memorysetup-bucket-allocator-granularity=16"
    "memorysetup-bucket-allocator-bucket-count=8"
    "memorysetup-bucket-allocator-block-size=33554432"
    "memorysetup-bucket-allocator-block-count=8"
    "memorysetup-main-allocator-block-size=16777216"
    "memorysetup-thread-allocator-block-size=16777216"
    "memorysetup-gfx-main-allocator-block-size=16777216"
    "memorysetup-gfx-thread-allocator-block-size=16777216"
    "memorysetup-cache-allocator-block-size=4194304"
    "memorysetup-typetree-allocator-block-size=2097152"
    "memorysetup-profiler-bucket-allocator-granularity=16"
    "memorysetup-profiler-bucket-allocator-bucket-count=8"
    "memorysetup-profiler-bucket-allocator-block-size=33554432"
    "memorysetup-profiler-bucket-allocator-block-count=8"
    "memorysetup-profiler-allocator-block-size=16777216"
    "memorysetup-profiler-editor-allocator-block-size=1048576"
    "memorysetup-temp-allocator-size-main=16777216"
    "memorysetup-job-temp-allocator-block-size=2097152"
    "memorysetup-job-temp-allocator-block-size-background=1048576"
    "memorysetup-job-temp-allocator-reduction-small-platforms=262144"
    "memorysetup-temp-allocator-size-cloud-worker=32768"
Player connection [10516]  Target information:

Player connection [10516]  * "[IP] 10.139.82.129 [Port] 0 [Flags] 2 [Guid] 3141926432 [EditorId] 3141926432 [Version] 1048832 [Id] WindowsEditor(7,irembusra) [Debug] 1 [PackageName] WindowsEditor [ProjectName] Editor" 

Player connection [10516] Host joined multi-casting on [225.0.0.222:54997]...
Player connection [10516] Host joined alternative multi-casting on [225.0.0.222:34997]...
JobSystem: Creating JobQueue using job-worker-count value 7
Input System module state changed to: Initialized.
[Physics::Module] Initialized fallback backend.
[Physics::Module] Id: 0xdecafbad
Library Redirect Path: Library/
[Physics::Module] Selected backend.
[Physics::Module] Name: PhysX
[Physics::Module] Id: 0xf2b8ea05
[Physics::Module] SDK Version: 4.1.2
[Physics::Module] Integration Version: 1.0.0
[Physics::Module] Threading Mode: Multi-Threaded
Refreshing native plugins compatible for Editor in 17.82 ms, found 4 plugins.
Preloading 0 native plugins for Editor in 0.00 ms.
Initialize engine version: 6000.3.10f1 (e35f0c77bd8e)
[Subsystems] Discovering subsystems at path D:/unityhub/Editor/6000.3.10f1/Editor/Data/Resources/UnitySubsystems
[Subsystems] Discovering subsystems at path D:/Purr/PurrfectHalf/Assets
GfxDevice: creating device client; kGfxThreadingModeNonThreaded
Direct3D:
    Version:  Direct3D 11.0 [level 11.1]
    Renderer: Intel(R) Iris(R) Xe Graphics (ID=0x46a6)
    Vendor:   Intel
    VRAM:     8054 MB
    Driver:   32.0.101.7082
Initialize mono
Mono path[0] = 'D:/unityhub/Editor/6000.3.10f1/Editor/Data/Managed'
Mono path[1] = 'D:/unityhub/Editor/6000.3.10f1/Editor/Data/MonoBleedingEdge/lib/mono/unityjit-win32'
Mono config path = 'D:/unityhub/Editor/6000.3.10f1/Editor/Data/MonoBleedingEdge/etc'
Using monoOptions --debugger-agent=transport=dt_socket,embedding=1,server=y,suspend=n,address=127.0.0.1:56548
Begin MonoManager ReloadAssembly
[Licensing::Client] Handshaking with LicensingClient:
  Version:                 1.17.4+4293ba1
  Session Id:              52f5a067fdba4b46a47510b2389906bb
  Correlation Id:          c9fa6f9b0a30131c7d4dbeb16da22748
  External correlation Id: 5788955902983942637
  Machine Id:              M/ZnuE2EIDeJVuybJgHQ8AQuyF0=
[Licensing::Module] Successfully connected to LicensingClient on channel: "LicenseClient-iremb" (connect: 0.00s, validation: 0.01s, handshake: 16.64s)
[Licensing::IpcConnector] Successfully connected to: "LicenseClient-iremb-notifications" at "2026-05-08T19:13:01.4423637Z"
[Licensing::Module] Licensing Background thread has ended after 16.64s
Registering precompiled unity dll's ...
Register platform support module: D:/unityhub/Editor/6000.3.10f1/Editor/Data/PlaybackEngines/WindowsStandaloneSupport/UnityEditor.WindowsStandalone.Extensions.dll
Registered in 1.250305 seconds.
- Loaded All Assemblies, in 42.973 seconds
Native extension for WindowsStandalone target not found
ScheduleIndexationOnStartup MainProcess:False IndexOnStartup:True
Mono: successfully reloaded assembly
- Finished resetting the current domain, in  1.432 seconds
Domain Reload Profiling: 44405ms
	BeginReloadAssembly (41112ms)
		ExecutionOrderSort (0ms)
		DisableScriptedObjects (0ms)
		BackupInstance (0ms)
		ReleaseScriptingObjects (0ms)
		CreateAndSetChildDomain (2ms)
	RebuildCommonClasses (78ms)
	RebuildNativeTypeToScriptingClass (35ms)
	initialDomainReloadingComplete (1369ms)
	LoadAllAssembliesAndSetupDomain (378ms)
		LoadAssemblies (41106ms)
		RebuildTransferFunctionScriptingTraits (0ms)
		AnalyzeDomain (371ms)
			TypeCache.Refresh (368ms)
				TypeCache.ScanAssembly (343ms)
			BuildScriptInfoCaches (0ms)
			ResolveRequiredComponents (1ms)
	FinalizeReload (1433ms)
		ReleaseScriptCaches (0ms)
		RebuildScriptCaches (0ms)
		SetupLoadedEditorAssemblies (1322ms)
			LogAssemblyErrors (0ms)
			InitializePlatformSupportModulesInManaged (110ms)
			SetLoadedEditorAssemblies (11ms)
			BeforeProcessingInitializeOnLoad (378ms)
			ProcessInitializeOnLoadAttributes (582ms)
			ProcessInitializeOnLoadMethodAttributes (241ms)
			AfterProcessingInitializeOnLoad (0ms)
			EditorAssembliesLoaded (0ms)
		ExecutionOrderSort2 (0ms)
		AwakeInstancesAfterBackupRestoration (0ms)
========================================================================
Worker process is ready to serve import requests
Import Worker Mode flag is 0x00
Begin MonoManager ReloadAssembly
[Licensing::Client] Successfully resolved entitlement details
[Licensing::Module] License group:
  Id: 18968225481491-UnityPersXXXX
  Product: Unity Personal
  Type: Assigned
  Expiration: Unlimited
- Loaded All Assemblies, in  2.243 seconds
Refreshing native plugins compatible for Editor in 4.65 ms, found 4 plugins.
Native extension for WindowsStandalone target not found
Package Manager log level set to [2]
[Package Manager] Failed to launch server process. Reason: Unity was launched with the -noUpm command-line argument
[Package Manager] Unable to send message (not connected to server process).
[Package Manager] Cannot connect to Unity Package Manager local server
ScheduleIndexationOnStartup MainProcess:False IndexOnStartup:True
Mono: successfully reloaded assembly
- Finished resetting the current domain, in  2.194 seconds
Domain Reload Profiling: 4436ms
	BeginReloadAssembly (332ms)
		ExecutionOrderSort (0ms)
		DisableScriptedObjects (12ms)
		BackupInstance (0ms)
		ReleaseScriptingObjects (0ms)
		CreateAndSetChildDomain (58ms)
	RebuildCommonClasses (84ms)
	RebuildNativeTypeToScriptingClass (30ms)
	initialDomainReloadingComplete (77ms)
	LoadAllAssembliesAndSetupDomain (1717ms)
		LoadAssemblies (1133ms)
		RebuildTransferFunctionScriptingTraits (0ms)
		AnalyzeDomain (773ms)
			TypeCache.Refresh (473ms)
				TypeCache.ScanAssembly (444ms)
			BuildScriptInfoCaches (243ms)
			ResolveRequiredComponents (45ms)
	FinalizeReload (2195ms)
		ReleaseScriptCaches (0ms)
		RebuildScriptCaches (0ms)
		SetupLoadedEditorAssemblies (1813ms)
			LogAssemblyErrors (0ms)
			InitializePlatformSupportModulesInManaged (5ms)
			SetLoadedEditorAssemblies (22ms)
			BeforeProcessingInitializeOnLoad (556ms)
			ProcessInitializeOnLoadAttributes (946ms)
			ProcessInitializeOnLoadMethodAttributes (280ms)
			AfterProcessingInitializeOnLoad (4ms)
			EditorAssembliesLoaded (0ms)
		ExecutionOrderSort2 (0ms)
		AwakeInstancesAfterBackupRestoration (12ms)
Launched and connected shader compiler UnityShaderCompiler.exe after 0.03 seconds
Refreshing native plugins compatible for Editor in 2.42 ms, found 4 plugins.
Preloading 0 native plugins for Editor in 0.00 ms.
Unloading 16 Unused Serialized files (Serialized files now loaded: 0)
Unloading 6913 unused Assets / (4.0 MB). Loaded Objects now: 7731.
Memory consumption went from 152.8 MB to 148.8 MB.
Total: 16.156300 ms (FindLiveObjects: 1.010300 ms CreateObjectMapping: 0.877500 ms MarkObjects: 10.604400 ms  DeleteObjects: 3.661700 ms)

========================================================================
Received Import Request.
  Time since last request: 264549.091271 seconds.
  path: Assets/Solaria_Ext_10b_DEMO
  artifactKey: Guid(7fda493d82dbd2444bb2689c01cab0c0) Importer(815301076,1909f56bfc062723c751e8b465ee728b)
Start importing Assets/Solaria_Ext_10b_DEMO using Guid(7fda493d82dbd2444bb2689c01cab0c0) Importer(815301076,1909f56bfc062723c751e8b465ee728b) (PreviewImporter) -> (artifact id: 'f9bc05173d7251de5f436f4f09a9b41c') in 0.0103433 seconds
Number of updated asset objects reloaded before import = 0Number of asset objects unloaded after import = 0

========================================================================
Received Import Request.
  Time since last request: 0.050079 seconds.
  path: Assets/Solaria_Ext_10b_DEMO/Ext_10a_DEMO.png
  artifactKey: Guid(07aad661da79ab14095e25fd46dd828c) Importer(815301076,1909f56bfc062723c751e8b465ee728b)
Start importing Assets/Solaria_Ext_10b_DEMO/Ext_10a_DEMO.png using Guid(07aad661da79ab14095e25fd46dd828c) Importer(815301076,1909f56bfc062723c751e8b465ee728b) (PreviewImporter) -> (artifact id: '6fc3ee16467b669b6f79f668ab1a606b') in 0.2550822 seconds
Number of updated asset objects reloaded before import = 0Number of asset objects unloaded after import = 17

========================================================================
Received Import Request.
  Time since last request: 1070.044796 seconds.
  path: Assets/Settings
  artifactKey: Guid(0220aab0833d04faeb927d84ca6cc40c) Importer(815301076,1909f56bfc062723c751e8b465ee728b)
Start importing Assets/Settings using Guid(0220aab0833d04faeb927d84ca6cc40c) Importer(815301076,1909f56bfc062723c751e8b465ee728b) (PreviewImporter) -> (artifact id: '62508b3dd32630cf358da27d8a59d33e') in 0.0009717 seconds
Number of updated asset objects reloaded before import = 0Number of asset objects unloaded after import = 0

========================================================================
Received Import Request.
  Time since last request: 16.773174 seconds.
  path: Assets/Settings/Lit2DSceneTemplate.scenetemplate
  artifactKey: Guid(d03ed43fc9d8a4f2e9fa70c1c7916eb9) Importer(815301076,1909f56bfc062723c751e8b465ee728b)
Start importing Assets/Settings/Lit2DSceneTemplate.scenetemplate using Guid(d03ed43fc9d8a4f2e9fa70c1c7916eb9) Importer(815301076,1909f56bfc062723c751e8b465ee728b) (PreviewImporter) -> (artifact id: '78609833aa2a50cfe41fe9181cd45105') in 0.0748345 seconds
Number of updated asset objects reloaded before import = 0Number of asset objects unloaded after import = 4

========================================================================
Received Import Request.
  Time since last request: 3.623174 seconds.
  path: Assets/Scenes
  artifactKey: Guid(109e9bdd0fcc649c5bc59085c35bdc83) Importer(815301076,1909f56bfc062723c751e8b465ee728b)
Start importing Assets/Scenes using Guid(109e9bdd0fcc649c5bc59085c35bdc83) Importer(815301076,1909f56bfc062723c751e8b465ee728b) (PreviewImporter) -> (artifact id: 'afdff4c3a2fdaa6f8b2ca806ac4aa93d') in 0.0015207 seconds
Number of updated asset objects reloaded before import = 0Number of asset objects unloaded after import = 0

========================================================================
Received Import Request.
  Time since last request: 280.133439 seconds.
  path: Assets/Solaria_Ext_10b_DEMO/Ext_10a_DEMO.png
  artifactKey: Guid(07aad661da79ab14095e25fd46dd828c) Importer(815301076,1909f56bfc062723c751e8b465ee728b)
Start importing Assets/Solaria_Ext_10b_DEMO/Ext_10a_DEMO.png using Guid(07aad661da79ab14095e25fd46dd828c) Importer(815301076,1909f56bfc062723c751e8b465ee728b) (PreviewImporter) -> (artifact id: '86aeaa759df7de8af2a7d74456e1b7cd') in 0.0647378 seconds
Number of updated asset objects reloaded before import = 0Number of asset objects unloaded after import = 17

========================================================================
Received Import Request.
  Time since last request: 0.889869 seconds.
  path: Assets/Solaria_Ext_10b_DEMO/Ext_10a_DEMO.png
  artifactKey: Guid(07aad661da79ab14095e25fd46dd828c) Importer(2089858483,b0f066a214c2f5e87bad3c948f4d605d)
Start importing Assets/Solaria_Ext_10b_DEMO/Ext_10a_DEMO.png using Guid(07aad661da79ab14095e25fd46dd828c) Importer(2089858483,b0f066a214c2f5e87bad3c948f4d605d) (ScriptedImporter) -> (artifact id: '04be33307c9a093002b74108158c0d87') in 0.2167461 seconds
Number of updated asset objects reloaded before import = 0Number of asset objects unloaded after import = 17

========================================================================
Received Import Request.
  Time since last request: 68.864505 seconds.
  path: Assets/interior free/interior free.png
  artifactKey: Guid(18446e5094e97004584913d3aa423bc5) Importer(815301076,1909f56bfc062723c751e8b465ee728b)
Start importing Assets/interior free/interior free.png using Guid(18446e5094e97004584913d3aa423bc5) Importer(815301076,1909f56bfc062723c751e8b465ee728b) (PreviewImporter) -> (artifact id: 'f16db4e3bfe9c0b998293eb166b6eb8c') in 0.0798055 seconds
Number of updated asset objects reloaded before import = 0Number of asset objects unloaded after import = 20

========================================================================
Received Import Request.
  Time since last request: 0.878522 seconds.
  path: Assets/interior free/interior free.png
  artifactKey: Guid(18446e5094e97004584913d3aa423bc5) Importer(2089858483,b0f066a214c2f5e87bad3c948f4d605d)
Start importing Assets/interior free/interior free.png using Guid(18446e5094e97004584913d3aa423bc5) Importer(2089858483,b0f066a214c2f5e87bad3c948f4d605d) (ScriptedImporter) -> (artifact id: '8ece9c981c4f57c8d8e941fb358dda5b') in 0.0551487 seconds
Number of updated asset objects reloaded before import = 0Number of asset objects unloaded after import = 20

========================================================================
Received Import Request.
  Time since last request: 83.389905 seconds.
  path: Assets/Modern tiles_Free/Characters_free/Amelia_phone_16x16.png
  artifactKey: Guid(b6172db1d4ac4ae4da3ed11df0a35d14) Importer(2089858483,b0f066a214c2f5e87bad3c948f4d605d)
Start importing Assets/Modern tiles_Free/Characters_free/Amelia_phone_16x16.png using Guid(b6172db1d4ac4ae4da3ed11df0a35d14) Importer(2089858483,b0f066a214c2f5e87bad3c948f4d605d) (ScriptedImporter) -> (artifact id: '426225e0239f30915e9ee2aec7f70bdd') in 0.0450139 seconds
Number of updated asset objects reloaded before import = 0Number of asset objects unloaded after import = 3

========================================================================
Received Import Request.
  Time since last request: 0.000039 seconds.
  path: Assets/Modern tiles_Free/Characters_free/Alex_run_16x16.png
  artifactKey: Guid(959ed5cb9303f374a9072658fc155bef) Importer(2089858483,b0f066a214c2f5e87bad3c948f4d605d)
Start importing Assets/Modern tiles_Free/Characters_free/Alex_run_16x16.png using Guid(959ed5cb9303f374a9072658fc155bef) Importer(2089858483,b0f066a214c2f5e87bad3c948f4d605d) (ScriptedImporter) -> (artifact id: 'e44f30d1290bbe6c1c3275343d8f9dda') in 0.0867039 seconds
Number of updated asset objects reloaded before import = 0Number of asset objects unloaded after import = 25

========================================================================
Received Import Request.
  Time since last request: 0.000032 seconds.
  path: Assets/Modern tiles_Free/Old/idle_32x32_2.png
  artifactKey: Guid(6532f54b49d1a554b8a0a41322f732d5) Importer(2089858483,b0f066a214c2f5e87bad3c948f4d605d)
Start importing Assets/Modern tiles_Free/Old/idle_32x32_2.png using Guid(6532f54b49d1a554b8a0a41322f732d5) Importer(2089858483,b0f066a214c2f5e87bad3c948f4d605d) (ScriptedImporter) -> (artifact id: '6e5871b8b1e68c8d7e3756b55ac6dde2') in 0.0529963 seconds
Number of updated asset objects reloaded before import = 0Number of asset objects unloaded after import = 6

========================================================================
Received Import Request.
  Time since last request: 0.000042 seconds.
  path: Assets/Modern tiles_Free/Old/Tileset_48x48_3.png
  artifactKey: Guid(899398117f3fb9e4dbb77719d438c41c) Importer(2089858483,b0f066a214c2f5e87bad3c948f4d605d)
Start importing Assets/Modern tiles_Free/Old/Tileset_48x48_3.png using Guid(899398117f3fb9e4dbb77719d438c41c) Importer(2089858483,b0f066a214c2f5e87bad3c948f4d605d) (ScriptedImporter) -> (artifact id: '1b079eef47c1f0a8d30b07411561b94b') in 0.0300817 seconds
Number of updated asset objects reloaded before import = 0Number of asset objects unloaded after import = 3

========================================================================
Received Import Request.
  Time since last request: 0.000025 seconds.
  path: Assets/Modern tiles_Free/Old/Tileset_16x16_3.png
  artifactKey: Guid(ae4e212dc5afaf1479f8558bd9a1e3dc) Importer(2089858483,b0f066a214c2f5e87bad3c948f4d605d)
Start importing Assets/Modern tiles_Free/Old/Tileset_16x16_3.png using Guid(ae4e212dc5afaf1479f8558bd9a1e3dc) Importer(2089858483,b0f066a214c2f5e87bad3c948f4d605d) (ScriptedImporter) -> (artifact id: 'dc61a67ab15f812cdf0968e0d0dccf6d') in 0.0285793 seconds
Number of updated asset objects reloaded before import = 0Number of asset objects unloaded after import = 3

========================================================================
Received Import Request.
  Time since last request: 0.000026 seconds.
  path: Assets/Modern tiles_Free/Characters_free/Amelia_16x16.png
  artifactKey: Guid(a5baf125cd29599419a531c78647fbd8) Importer(2089858483,b0f066a214c2f5e87bad3c948f4d605d)
Start importing Assets/Modern tiles_Free/Characters_free/Amelia_16x16.png using Guid(a5baf125cd29599419a531c78647fbd8) Importer(2089858483,b0f066a214c2f5e87bad3c948f4d605d) (ScriptedImporter) -> (artifact id: '85bc577a0489623d38abde2d6d385827') in 0.205578 seconds
Number of updated asset objects reloaded before import = 0Number of asset objects unloaded after import = 70

========================================================================
Received Import Request.
  Time since last request: 0.000043 seconds.
  path: Assets/Modern tiles_Free/Interiors_free
  artifactKey: Guid(c27cbdd1d50ca554bb24a376e2a167e7) Importer(2089858483,b0f066a214c2f5e87bad3c948f4d605d)
Start importing Assets/Modern tiles_Free/Interiors_free using Guid(c27cbdd1d50ca554bb24a376e2a167e7) Importer(2089858483,b0f066a214c2f5e87bad3c948f4d605d) (ScriptedImporter) -> (artifact id: 'd0b850e41358c91953b714e2d86e17e2') in 0.0187015 seconds
Number of updated asset objects reloaded before import = 0Number of asset objects unloaded after import = 1

========================================================================
Received Import Request.
  Time since last request: 0.000043 seconds.
  path: Assets/Modern tiles_Free/Old/Tileset_16x16_1.png
  artifactKey: Guid(5aa8240eb822c7b4b9e21cacb58bb71f) Importer(2089858483,b0f066a214c2f5e87bad3c948f4d605d)
Start importing Assets/Modern tiles_Free/Old/Tileset_16x16_1.png using Guid(5aa8240eb822c7b4b9e21cacb58bb71f) Importer(2089858483,b0f066a214c2f5e87bad3c948f4d605d) (ScriptedImporter) -> (artifact id: '47299a951142ad758ae173e1d6953d28') in 0.0296285 seconds
Number of updated asset objects reloaded before import = 0Number of asset objects unloaded after import = 4

========================================================================
Received Import Request.
  Time since last request: 0.000025 seconds.
  path: Assets/Modern tiles_Free/free_overview.png
  artifactKey: Guid(1e5ddcaa6b509844f8cd144761d915c5) Importer(2089858483,b0f066a214c2f5e87bad3c948f4d605d)
Start importing Assets/Modern tiles_Free/free_overview.png using Guid(1e5ddcaa6b509844f8cd144761d915c5) Importer(2089858483,b0f066a214c2f5e87bad3c948f4d605d) (ScriptedImporter) -> (artifact id: '238fcd9b4d52141adfeff9935fc1a917') in 1.3519711 seconds
Number of updated asset objects reloaded before import = 0Number of asset objects unloaded after import = 549

========================================================================
Received Import Request.
  Time since last request: 0.000044 seconds.
  path: Assets/Modern tiles_Free/Interiors_free/32x32/Interiors_free_32x32.png
  artifactKey: Guid(3685e287da2a3bc438382cfb6946503b) Importer(2089858483,b0f066a214c2f5e87bad3c948f4d605d)
Start importing Assets/Modern tiles_Free/Interiors_free/32x32/Interiors_free_32x32.png using Guid(3685e287da2a3bc438382cfb6946503b) Importer(2089858483,b0f066a214c2f5e87bad3c948f4d605d) (ScriptedImporter) -> (artifact id: 'a53bea241b2539c7dd853537147e1fce') in 0.6488801 seconds
Number of updated asset objects reloaded before import = 0Number of asset objects unloaded after import = 265

========================================================================
Received Import Request.
  Time since last request: 0.000049 seconds.
  path: Assets/Modern tiles_Free/Old/mv
  artifactKey: Guid(04d2decf3a410f44fa73699effd39b59) Importer(2089858483,b0f066a214c2f5e87bad3c948f4d605d)
Start importing Assets/Modern tiles_Free/Old/mv using Guid(04d2decf3a410f44fa73699effd39b59) Importer(2089858483,b0f066a214c2f5e87bad3c948f4d605d) (ScriptedImporter) -> (artifact id: '676ff28abe047e586e487089d9ee65c4') in 0.0211911 seconds
Number of updated asset objects reloaded before import = 0Number of asset objects unloaded after import = 1

========================================================================
Received Import Request.
  Time since last request: 0.000024 seconds.
  path: Assets/Modern tiles_Free/Interiors_free/48x48
  artifactKey: Guid(5256821fa7d95944e8a392059c3574e5) Importer(2089858483,b0f066a214c2f5e87bad3c948f4d605d)
Start importing Assets/Modern tiles_Free/Interiors_free/48x48 using Guid(5256821fa7d95944e8a392059c3574e5) Importer(2089858483,b0f066a214c2f5e87bad3c948f4d605d) (ScriptedImporter) -> (artifact id: 'c4d780fe5cee278aa18edc6d5668f4e9') in 0.0211803 seconds
Number of updated asset objects reloaded before import = 0Number of asset objects unloaded after import = 1

========================================================================
Received Import Request.
  Time since last request: 0.000029 seconds.
  path: Assets/Modern tiles_Free/Characters_free/Amelia_idle_16x16.png
  artifactKey: Guid(0a0f75ca41faa5548b3d9d373268e438) Importer(2089858483,b0f066a214c2f5e87bad3c948f4d605d)
Start importing Assets/Modern tiles_Free/Characters_free/Amelia_idle_16x16.png using Guid(0a0f75ca41faa5548b3d9d373268e438) Importer(2089858483,b0f066a214c2f5e87bad3c948f4d605d) (ScriptedImporter) -> (artifact id: '811e6a74e62d20434fa532ea81c5f44f') in 0.0446196 seconds
Number of updated asset objects reloaded before import = 0Number of asset objects unloaded after import = 6

========================================================================
Received Import Request.
  Time since last request: 0.000031 seconds.
  path: Assets/Modern tiles_Free/Characters_free/Adam_sit3_16x16.png
  artifactKey: Guid(54556f81e8d844a4099797e2452f7274) Importer(2089858483,b0f066a214c2f5e87bad3c948f4d605d)
Start importing Assets/Modern tiles_Free/Characters_free/Adam_sit3_16x16.png using Guid(54556f81e8d844a4099797e2452f7274) Importer(2089858483,b0f066a214c2f5e87bad3c948f4d605d) (ScriptedImporter) -> (artifact id: 'b7435397edac8eb26f64dd1ba7a62a7a') in 0.0382047 seconds
Number of updated asset objects reloaded before import = 0Number of asset objects unloaded after import = 5

========================================================================
Received Import Request.
  Time since last request: 0.000045 seconds.
  path: Assets/Modern tiles_Free/Old/run_horizontal_16x16_2.png
  artifactKey: Guid(86e0bf1a3b304e54fb71c302a4fac401) Importer(2089858483,b0f066a214c2f5e87bad3c948f4d605d)
Start importing Assets/Modern tiles_Free/Old/run_horizontal_16x16_2.png using Guid(86e0bf1a3b304e54fb71c302a4fac401) Importer(2089858483,b0f066a214c2f5e87bad3c948f4d605d) (ScriptedImporter) -> (artifact id: 'fb3a8a0aad65ee3e50b6b189a06839b2') in 0.0830229 seconds
Number of updated asset objects reloaded before import = 0Number of asset objects unloaded after import = 25

========================================================================
Received Import Request.
  Time since last request: 0.000026 seconds.
  path: Assets/Modern tiles_Free/Old
  artifactKey: Guid(025a286f8746d52488fd6ed89920d9e6) Importer(2089858483,b0f066a214c2f5e87bad3c948f4d605d)
Start importing Assets/Modern tiles_Free/Old using Guid(025a286f8746d52488fd6ed89920d9e6) Importer(2089858483,b0f066a214c2f5e87bad3c948f4d605d) (ScriptedImporter) -> (artifact id: 'e94d6c20284289cf162278bb4d8fdf1a') in 0.0227385 seconds
Number of updated asset objects reloaded before import = 0Number of asset objects unloaded after import = 1

========================================================================
Received Import Request.
  Time since last request: 0.000022 seconds.
  path: Assets/Modern tiles_Free/Interiors_free/48x48/Interiors_free_48x48.png
  artifactKey: Guid(53f7d4edb929ecc43b8231d3e79d4fc0) Importer(2089858483,b0f066a214c2f5e87bad3c948f4d605d)
Start importing Assets/Modern tiles_Free/Interiors_free/48x48/Interiors_free_48x48.png using Guid(53f7d4edb929ecc43b8231d3e79d4fc0) Importer(2089858483,b0f066a214c2f5e87bad3c948f4d605d) (ScriptedImporter) -> (artifact id: 'd6da258069d964405f1a3df529c4357a') in 0.6957687 seconds
Number of updated asset objects reloaded before import = 0Number of asset objects unloaded after import = 265

========================================================================
Received Import Request.
  Time since last request: 0.000047 seconds.
  path: Assets/Modern tiles_Free/Characters_free/Bob_sit2_16x16.png
  artifactKey: Guid(9c8adc205c2061c47b9c5397d6802f99) Importer(2089858483,b0f066a214c2f5e87bad3c948f4d605d)
Start importing Assets/Modern tiles_Free/Characters_free/Bob_sit2_16x16.png using Guid(9c8adc205c2061c47b9c5397d6802f99) Importer(2089858483,b0f066a214c2f5e87bad3c948f4d605d) (ScriptedImporter) -> (artifact id: '07f6dc62e9cf306a3323c38d94d9fd98') in 0.0593806 seconds
Number of updated asset objects reloaded before import = 0Number of asset objects unloaded after import = 14

========================================================================
Received Import Request.
  Time since last request: 0.000040 seconds.
  path: Assets/Modern tiles_Free/READ ME.txt
  artifactKey: Guid(a8693640f0100c347ab052e8195a3bdb) Importer(2089858483,b0f066a214c2f5e87bad3c948f4d605d)
Start importing Assets/Modern tiles_Free/READ ME.txt using Guid(a8693640f0100c347ab052e8195a3bdb) Importer(2089858483,b0f066a214c2f5e87bad3c948f4d605d) (ScriptedImporter) -> (artifact id: '53371c43cef26eda337eee7f457eba07') in 0.0205289 seconds
Number of updated asset objects reloaded before import = 0Number of asset objects unloaded after import = 1

========================================================================
Received Import Request.
  Time since last request: 0.000024 seconds.
  path: Assets/Modern tiles_Free/Characters_free/Alex_sit_16x16.png
  artifactKey: Guid(5545864cebce9db4a8182f08bf8870e3) Importer(2089858483,b0f066a214c2f5e87bad3c948f4d605d)
Start importing Assets/Modern tiles_Free/Characters_free/Alex_sit_16x16.png using Guid(5545864cebce9db4a8182f08bf8870e3) Importer(2089858483,b0f066a214c2f5e87bad3c948f4d605d) (ScriptedImporter) -> (artifact id: 'f11c13fb7f2f2366ac43f1fb44d39863') in 0.0661939 seconds
Number of updated asset objects reloaded before import = 0Number of asset objects unloaded after import = 14

========================================================================
Received Import Request.
  Time since last request: 0.000025 seconds.
  path: Assets/Modern tiles_Free/Characters_free/Adam_sit_16x16.png
  artifactKey: Guid(afb7f17a8a38e20499b62b57da0fd863) Importer(2089858483,b0f066a214c2f5e87bad3c948f4d605d)
Start importing Assets/Modern tiles_Free/Characters_free/Adam_sit_16x16.png using Guid(afb7f17a8a38e20499b62b57da0fd863) Importer(2089858483,b0f066a214c2f5e87bad3c948f4d605d) (ScriptedImporter) -> (artifact id: '276d4248d9a3d00128a6755ef7bc8931') in 0.0605778 seconds
Number of updated asset objects reloaded before import = 0Number of asset objects unloaded after import = 14

========================================================================
Received Import Request.
  Time since last request: 0.000030 seconds.
  path: Assets/Modern tiles_Free/Characters_free/Bob_sit_16x16.png
  artifactKey: Guid(9ccc9788602e3a14b84a5dff0bd0c078) Importer(2089858483,b0f066a214c2f5e87bad3c948f4d605d)
Start importing Assets/Modern tiles_Free/Characters_free/Bob_sit_16x16.png using Guid(9ccc9788602e3a14b84a5dff0bd0c078) Importer(2089858483,b0f066a214c2f5e87bad3c948f4d605d) (ScriptedImporter) -> (artifact id: 'e519e7e2a468d97adff40f26f45608de') in 0.0589123 seconds
Number of updated asset objects reloaded before import = 0Number of asset objects unloaded after import = 14

========================================================================
Received Import Request.
  Time since last request: 0.000050 seconds.
  path: Assets/Modern tiles_Free/Characters_free/Bob_16x16.png
  artifactKey: Guid(1f90887e6ec8f1340a2dc9e30d2cf9b0) Importer(2089858483,b0f066a214c2f5e87bad3c948f4d605d)
Start importing Assets/Modern tiles_Free/Characters_free/Bob_16x16.png using Guid(1f90887e6ec8f1340a2dc9e30d2cf9b0) Importer(2089858483,b0f066a214c2f5e87bad3c948f4d605d) (ScriptedImporter) -> (artifact id: '9961eee40a4fdb6d2f3d531267ca8f42') in 0.212493 seconds
Number of updated asset objects reloaded before import = 0Number of asset objects unloaded after import = 87

========================================================================
Received Import Request.
  Time since last request: 0.000027 seconds.
  path: Assets/Modern tiles_Free/Characters_free/Alex_sit2_16x16.png
  artifactKey: Guid(b6869a5eaf81bfd41bb656df1e59499e) Importer(2089858483,b0f066a214c2f5e87bad3c948f4d605d)
Start importing Assets/Modern tiles_Free/Characters_free/Alex_sit2_16x16.png using Guid(b6869a5eaf81bfd41bb656df1e59499e) Importer(2089858483,b0f066a214c2f5e87bad3c948f4d605d) (ScriptedImporter) -> (artifact id: 'cac67fc4dea6a9a083bc81e9ef4fe7ee') in 0.0500009 seconds
Number of updated asset objects reloaded before import = 0Number of asset objects unloaded after import = 14

========================================================================
Received Import Request.
  Time since last request: 0.000038 seconds.
  path: Assets/Modern tiles_Free/Old/Tileset_32x32_9.png
  artifactKey: Guid(81c61f23dbb54a449bc35b0465259506) Importer(2089858483,b0f066a214c2f5e87bad3c948f4d605d)
Start importing Assets/Modern tiles_Free/Old/Tileset_32x32_9.png using Guid(81c61f23dbb54a449bc35b0465259506) Importer(2089858483,b0f066a214c2f5e87bad3c948f4d605d) (ScriptedImporter) -> (artifact id: 'a3a485b64da14ee938c90a010e1a47e8') in 0.0404067 seconds
Number of updated asset objects reloaded before import = 0Number of asset objects unloaded after import = 3

========================================================================
Received Import Request.
  Time since last request: 0.000030 seconds.
  path: Assets/Modern tiles_Free
  artifactKey: Guid(653d336428a12814ba0eed4d30d03c29) Importer(2089858483,b0f066a214c2f5e87bad3c948f4d605d)
Start importing Assets/Modern tiles_Free using Guid(653d336428a12814ba0eed4d30d03c29) Importer(2089858483,b0f066a214c2f5e87bad3c948f4d605d) (ScriptedImporter) -> (artifact id: '59b969d6fc30df352c17fb4a5a05168c') in 0.0223885 seconds
Number of updated asset objects reloaded before import = 0Number of asset objects unloaded after import = 1

========================================================================
Received Import Request.
  Time since last request: 0.032648 seconds.
  path: Assets/Modern tiles_Free/free_overview.png
  artifactKey: Guid(1e5ddcaa6b509844f8cd144761d915c5) Importer(815301076,1909f56bfc062723c751e8b465ee728b)
Start importing Assets/Modern tiles_Free/free_overview.png using Guid(1e5ddcaa6b509844f8cd144761d915c5) Importer(815301076,1909f56bfc062723c751e8b465ee728b) (PreviewImporter) -> (artifact id: '5a7dbc1e49dd2a5146ff10bdc3896c4d') in 1.9760302 seconds
Number of updated asset objects reloaded before import = 0Number of asset objects unloaded after import = 549

========================================================================
Received Import Request.
  Time since last request: 2.605924 seconds.
  path: Assets/Modern tiles_Free/Interiors_free
  artifactKey: Guid(c27cbdd1d50ca554bb24a376e2a167e7) Importer(815301076,1909f56bfc062723c751e8b465ee728b)
Start importing Assets/Modern tiles_Free/Interiors_free using Guid(c27cbdd1d50ca554bb24a376e2a167e7) Importer(815301076,1909f56bfc062723c751e8b465ee728b) (PreviewImporter) -> (artifact id: 'fb62e2d48d67bc9fb5fdc5f8e4a624a0') in 0.0006795 seconds
Number of updated asset objects reloaded before import = 0Number of asset objects unloaded after import = 0

========================================================================
Received Import Request.
  Time since last request: 1.057136 seconds.
  path: Assets/Modern tiles_Free/Interiors_free/32x32
  artifactKey: Guid(c7f6528b256ff1a48b60b12382f0cf4e) Importer(815301076,1909f56bfc062723c751e8b465ee728b)
Start importing Assets/Modern tiles_Free/Interiors_free/32x32 using Guid(c7f6528b256ff1a48b60b12382f0cf4e) Importer(815301076,1909f56bfc062723c751e8b465ee728b) (PreviewImporter) -> (artifact id: 'ff3cf79fc06861e5d195e434095b5f46') in 0.0009965 seconds
Number of updated asset objects reloaded before import = 0Number of asset objects unloaded after import = 0

========================================================================
Received Import Request.
  Time since last request: 0.057410 seconds.
  path: Assets/Modern tiles_Free/Interiors_free/32x32/Interiors_free_32x32.png
  artifactKey: Guid(3685e287da2a3bc438382cfb6946503b) Importer(815301076,1909f56bfc062723c751e8b465ee728b)
Start importing Assets/Modern tiles_Free/Interiors_free/32x32/Interiors_free_32x32.png using Guid(3685e287da2a3bc438382cfb6946503b) Importer(815301076,1909f56bfc062723c751e8b465ee728b) (PreviewImporter) -> (artifact id: '80b96525f593b07f2628e0a56a83caad') in 0.9876911 seconds
Number of updated asset objects reloaded before import = 0Number of asset objects unloaded after import = 265

========================================================================
Received Import Request.
  Time since last request: 6.932720 seconds.
  path: Assets/Modern tiles_Free/Interiors_free/48x48
  artifactKey: Guid(5256821fa7d95944e8a392059c3574e5) Importer(815301076,1909f56bfc062723c751e8b465ee728b)
Start importing Assets/Modern tiles_Free/Interiors_free/48x48 using Guid(5256821fa7d95944e8a392059c3574e5) Importer(815301076,1909f56bfc062723c751e8b465ee728b) (PreviewImporter) -> (artifact id: 'dcdbd6db32b5584fc03663eb440f48e4') in 0.0007451 seconds
Number of updated asset objects reloaded before import = 0Number of asset objects unloaded after import = 0

========================================================================
Received Import Request.
  Time since last request: 0.663615 seconds.
  path: Assets/Modern tiles_Free/Interiors_free/16x16
  artifactKey: Guid(af8867a1b294f5142a6c2634745fdb5b) Importer(815301076,1909f56bfc062723c751e8b465ee728b)
Start importing Assets/Modern tiles_Free/Interiors_free/16x16 using Guid(af8867a1b294f5142a6c2634745fdb5b) Importer(815301076,1909f56bfc062723c751e8b465ee728b) (PreviewImporter) -> (artifact id: '901d90df267263c49efbaf24dd960931') in 0.0006724 seconds
Number of updated asset objects reloaded before import = 0Number of asset objects unloaded after import = 0

========================================================================
Received Import Request.
  Time since last request: 0.047611 seconds.
  path: Assets/Modern tiles_Free/Interiors_free/16x16/Interiors_free_16x16.png
  artifactKey: Guid(0d3db2fc51e1ea04ab249b57dbb4f96d) Importer(815301076,1909f56bfc062723c751e8b465ee728b)
Start importing Assets/Modern tiles_Free/Interiors_free/16x16/Interiors_free_16x16.png using Guid(0d3db2fc51e1ea04ab249b57dbb4f96d) Importer(815301076,1909f56bfc062723c751e8b465ee728b) (PreviewImporter) -> (artifact id: '17c0898f7b3a4e6cb8e4ff3885deec2e') in 0.8468852 seconds
Number of updated asset objects reloaded before import = 0Number of asset objects unloaded after import = 262

========================================================================
Received Import Request.
  Time since last request: 3.326348 seconds.
  path: Assets/Modern tiles_Free/Characters_free
  artifactKey: Guid(61ca5e83313fb204a96d3ebd657cdd54) Importer(815301076,1909f56bfc062723c751e8b465ee728b)
Start importing Assets/Modern tiles_Free/Characters_free using Guid(61ca5e83313fb204a96d3ebd657cdd54) Importer(815301076,1909f56bfc062723c751e8b465ee728b) (PreviewImporter) -> (artifact id: '756b94751e21e73ef1d8da97d7fea541') in 0.0006494 seconds
Number of updated asset objects reloaded before import = 0Number of asset objects unloaded after import = 0

========================================================================
Received Import Request.
  Time since last request: 0.827125 seconds.
  path: Assets/Modern tiles_Free/Characters_free/Adam_16x16.png
  artifactKey: Guid(449467ddc3ed5694f885e10db4c4c8e0) Importer(815301076,1909f56bfc062723c751e8b465ee728b)
Start importing Assets/Modern tiles_Free/Characters_free/Adam_16x16.png using Guid(449467ddc3ed5694f885e10db4c4c8e0) Importer(815301076,1909f56bfc062723c751e8b465ee728b) (PreviewImporter) -> (artifact id: '9e4a9859e74653c0941c43344133e2e8') in 0.1488134 seconds
Number of updated asset objects reloaded before import = 0Number of asset objects unloaded after import = 39

========================================================================
Received Import Request.
  Time since last request: 0.000034 seconds.
  path: Assets/Modern tiles_Free/Characters_free/Alex_idle_anim_16x16.png
  artifactKey: Guid(809e4830a646d8e40a5ad0401229df95) Importer(815301076,1909f56bfc062723c751e8b465ee728b)
Start importing Assets/Modern tiles_Free/Characters_free/Alex_idle_anim_16x16.png using Guid(809e4830a646d8e40a5ad0401229df95) Importer(815301076,1909f56bfc062723c751e8b465ee728b) (PreviewImporter) -> (artifact id: '8a5ab2e958c5fba264e6dc072449bf6c') in 0.0673179 seconds
Number of updated asset objects reloaded before import = 0Number of asset objects unloaded after import = 16

========================================================================
Received Import Request.
  Time since last request: 0.000033 seconds.
  path: Assets/Modern tiles_Free/Characters_free/Adam_sit2_16x16.png
  artifactKey: Guid(116da0d0b5d47e64e91b97b9dde288b0) Importer(815301076,1909f56bfc062723c751e8b465ee728b)
Start importing Assets/Modern tiles_Free/Characters_free/Adam_sit2_16x16.png using Guid(116da0d0b5d47e64e91b97b9dde288b0) Importer(815301076,1909f56bfc062723c751e8b465ee728b) (PreviewImporter) -> (artifact id: 'dbc17f4f96d4303ac5bf0f5e3614446a') in 0.0633064 seconds
Number of updated asset objects reloaded before import = 0Number of asset objects unloaded after import = 14

========================================================================
Received Import Request.
  Time since last request: 0.000028 seconds.
  path: Assets/Modern tiles_Free/Characters_free/Adam_idle_anim_16x16.png
  artifactKey: Guid(80d86f1b0869f4f4fa9cfdee62564108) Importer(815301076,1909f56bfc062723c751e8b465ee728b)
Start importing Assets/Modern tiles_Free/Characters_free/Adam_idle_anim_16x16.png using Guid(80d86f1b0869f4f4fa9cfdee62564108) Importer(815301076,1909f56bfc062723c751e8b465ee728b) (PreviewImporter) -> (artifact id: '4add615f9734d2a063b29ba975a6f13d') in 0.0386469 seconds
Number of updated asset objects reloaded before import = 0Number of asset objects unloaded after import = 5

========================================================================
Received Import Request.
  Time since last request: 0.000028 seconds.
  path: Assets/Modern tiles_Free/Characters_free/Alex_16x16.png
  artifactKey: Guid(d2d03c2834f97054a9c69144cd430e0c) Importer(815301076,1909f56bfc062723c751e8b465ee728b)
Start importing Assets/Modern tiles_Free/Characters_free/Alex_16x16.png using Guid(d2d03c2834f97054a9c69144cd430e0c) Importer(815301076,1909f56bfc062723c751e8b465ee728b) (PreviewImporter) -> (artifact id: '285f80fed16cba5871fe489248bf57e9') in 0.2701176 seconds
Number of updated asset objects reloaded before import = 0Number of asset objects unloaded after import = 87

========================================================================
Received Import Request.
  Time since last request: 0.431783 seconds.
  path: Assets/Modern tiles_Free/Characters_free/Alex_run_16x16.png
  artifactKey: Guid(959ed5cb9303f374a9072658fc155bef) Importer(815301076,1909f56bfc062723c751e8b465ee728b)
Start importing Assets/Modern tiles_Free/Characters_free/Alex_run_16x16.png using Guid(959ed5cb9303f374a9072658fc155bef) Importer(815301076,1909f56bfc062723c751e8b465ee728b) (PreviewImporter) -> (artifact id: '7b3c9cf1bee46f69a8b9c2ae73550b11') in 0.1110369 seconds
Number of updated asset objects reloaded before import = 0Number of asset objects unloaded after import = 25

========================================================================
Received Import Request.
  Time since last request: 0.000031 seconds.
  path: Assets/Modern tiles_Free/Characters_free/Amelia_phone_16x16.png
  artifactKey: Guid(b6172db1d4ac4ae4da3ed11df0a35d14) Importer(815301076,1909f56bfc062723c751e8b465ee728b)
Start importing Assets/Modern tiles_Free/Characters_free/Amelia_phone_16x16.png using Guid(b6172db1d4ac4ae4da3ed11df0a35d14) Importer(815301076,1909f56bfc062723c751e8b465ee728b) (PreviewImporter) -> (artifact id: '4985ba95ff46d805695f892754748bfc') in 0.0334125 seconds
Number of updated asset objects reloaded before import = 0Number of asset objects unloaded after import = 3

========================================================================
Received Import Request.
  Time since last request: 0.000043 seconds.
  path: Assets/Modern tiles_Free/Characters_free/Amelia_idle_16x16.png
  artifactKey: Guid(0a0f75ca41faa5548b3d9d373268e438) Importer(815301076,1909f56bfc062723c751e8b465ee728b)
Start importing Assets/Modern tiles_Free/Characters_free/Amelia_idle_16x16.png using Guid(0a0f75ca41faa5548b3d9d373268e438) Importer(815301076,1909f56bfc062723c751e8b465ee728b) (PreviewImporter) -> (artifact id: '8a7145b713998af43b4e2091935699a3') in 0.043798 seconds
Number of updated asset objects reloaded before import = 0Number of asset objects unloaded after import = 6

========================================================================
Received Import Request.
  Time since last request: 0.000058 seconds.
  path: Assets/Modern tiles_Free/Characters_free/Amelia_idle_anim_16x16.png
  artifactKey: Guid(d87207e5ce378b441ac2f9a3f839ac8c) Importer(815301076,1909f56bfc062723c751e8b465ee728b)
Start importing Assets/Modern tiles_Free/Characters_free/Amelia_idle_anim_16x16.png using Guid(d87207e5ce378b441ac2f9a3f839ac8c) Importer(815301076,1909f56bfc062723c751e8b465ee728b) (PreviewImporter) -> (artifact id: '618409c5135392746e84152ee37af1d7') in 0.0620759 seconds
Number of updated asset objects reloaded before import = 0Number of asset objects unloaded after import = 16

========================================================================
Received Import Request.
  Time since last request: 0.000050 seconds.
  path: Assets/Modern tiles_Free/Characters_free/Amelia_sit3_16x16.png
  artifactKey: Guid(163f9c0429ca0dc40bf07584768089fb) Importer(815301076,1909f56bfc062723c751e8b465ee728b)
Start importing Assets/Modern tiles_Free/Characters_free/Amelia_sit3_16x16.png using Guid(163f9c0429ca0dc40bf07584768089fb) Importer(815301076,1909f56bfc062723c751e8b465ee728b) (PreviewImporter) -> (artifact id: '397f488570b29d0a18712024e95b8983') in 0.0600919 seconds
Number of updated asset objects reloaded before import = 0Number of asset objects unloaded after import = 13

========================================================================
Received Import Request.
  Time since last request: 0.000039 seconds.
  path: Assets/Modern tiles_Free/Characters_free/Amelia_run_16x16.png
  artifactKey: Guid(fb5dc85fc09926b47b0ce3cb597b0683) Importer(815301076,1909f56bfc062723c751e8b465ee728b)
Start importing Assets/Modern tiles_Free/Characters_free/Amelia_run_16x16.png using Guid(fb5dc85fc09926b47b0ce3cb597b0683) Importer(815301076,1909f56bfc062723c751e8b465ee728b) (PreviewImporter) -> (artifact id: '67797a4e86313ddfe0dd44e81a440ce7') in 0.0672419 seconds
Number of updated asset objects reloaded before import = 0Number of asset objects unloaded after import = 16

========================================================================
Received Import Request.
  Time since last request: 0.000026 seconds.
  path: Assets/Modern tiles_Free/Characters_free/Alex_sit_16x16.png
  artifactKey: Guid(5545864cebce9db4a8182f08bf8870e3) Importer(815301076,1909f56bfc062723c751e8b465ee728b)
Start importing Assets/Modern tiles_Free/Characters_free/Alex_sit_16x16.png using Guid(5545864cebce9db4a8182f08bf8870e3) Importer(815301076,1909f56bfc062723c751e8b465ee728b) (PreviewImporter) -> (artifact id: '246ec45b6af976e354666654d8627809') in 0.0602399 seconds
Number of updated asset objects reloaded before import = 0Number of asset objects unloaded after import = 14

========================================================================
Received Import Request.
  Time since last request: 2.611557 seconds.
  path: Assets/Modern tiles_Free/Old
  artifactKey: Guid(025a286f8746d52488fd6ed89920d9e6) Importer(815301076,1909f56bfc062723c751e8b465ee728b)
Start importing Assets/Modern tiles_Free/Old using Guid(025a286f8746d52488fd6ed89920d9e6) Importer(815301076,1909f56bfc062723c751e8b465ee728b) (PreviewImporter) -> (artifact id: '264053c3cacfc21a4409ea4d94aa7ab5') in 0.0007908 seconds
Number of updated asset objects reloaded before import = 0Number of asset objects unloaded after import = 0

========================================================================
Received Import Request.
  Time since last request: 0.227010 seconds.
  path: Assets/Modern tiles_Free/Old/idle_16x16_2.png
  artifactKey: Guid(559a36096bc07af4392f1ef6e260691f) Importer(815301076,1909f56bfc062723c751e8b465ee728b)
Start importing Assets/Modern tiles_Free/Old/idle_16x16_2.png using Guid(559a36096bc07af4392f1ef6e260691f) Importer(815301076,1909f56bfc062723c751e8b465ee728b) (PreviewImporter) -> (artifact id: 'f1d81f56cb2d29b0e18a9a23bd11d6d5') in 0.0386231 seconds
Number of updated asset objects reloaded before import = 0Number of asset objects unloaded after import = 6

========================================================================
Received Import Request.
  Time since last request: 0.000043 seconds.
  path: Assets/Modern tiles_Free/Old/Tileset_16x16_16.png
  artifactKey: Guid(be8ddd08304b7034e91f2516f532b5ef) Importer(815301076,1909f56bfc062723c751e8b465ee728b)
Start importing Assets/Modern tiles_Free/Old/Tileset_16x16_16.png using Guid(be8ddd08304b7034e91f2516f532b5ef) Importer(815301076,1909f56bfc062723c751e8b465ee728b) (PreviewImporter) -> (artifact id: '0e2b94f8ca614dd5b492873f2eec48f3') in 0.026605 seconds
Number of updated asset objects reloaded before import = 0Number of asset objects unloaded after import = 3

========================================================================
Received Import Request.
  Time since last request: 0.000031 seconds.
  path: Assets/Modern tiles_Free/Old/Tileset_32x32_1.png
  artifactKey: Guid(8d412202ea8aff14bb3d6c6c08bd86b8) Importer(815301076,1909f56bfc062723c751e8b465ee728b)
Start importing Assets/Modern tiles_Free/Old/Tileset_32x32_1.png using Guid(8d412202ea8aff14bb3d6c6c08bd86b8) Importer(815301076,1909f56bfc062723c751e8b465ee728b) (PreviewImporter) -> (artifact id: '9a6b73dbbf43074cdc86c0a1389c9ecf') in 0.0323959 seconds
Number of updated asset objects reloaded before import = 0Number of asset objects unloaded after import = 4

========================================================================
Received Import Request.
  Time since last request: 0.000025 seconds.
  path: Assets/Modern tiles_Free/Old/run_horizontal_32x32_2.png
  artifactKey: Guid(d1e443a2eaa745c4fa108b5a54f7eafe) Importer(815301076,1909f56bfc062723c751e8b465ee728b)
Start importing Assets/Modern tiles_Free/Old/run_horizontal_32x32_2.png using Guid(d1e443a2eaa745c4fa108b5a54f7eafe) Importer(815301076,1909f56bfc062723c751e8b465ee728b) (PreviewImporter) -> (artifact id: '9961031df8ab6e4957c5439bbc09db20') in 0.1050154 seconds
Number of updated asset objects reloaded before import = 0Number of asset objects unloaded after import = 25

========================================================================
Received Import Request.
  Time since last request: 0.000039 seconds.
  path: Assets/Modern tiles_Free/Old/run_horizontal_48x48_2.png
  artifactKey: Guid(41e05b35f05b457499dcd8a3e83547cf) Importer(815301076,1909f56bfc062723c751e8b465ee728b)
Start importing Assets/Modern tiles_Free/Old/run_horizontal_48x48_2.png using Guid(41e05b35f05b457499dcd8a3e83547cf) Importer(815301076,1909f56bfc062723c751e8b465ee728b) (PreviewImporter) -> (artifact id: '441e78f3b65d5d3d776cd17657af2af2') in 0.112962 seconds
Number of updated asset objects reloaded before import = 0Number of asset objects unloaded after import = 25

========================================================================
Received Import Request.
  Time since last request: 0.000021 seconds.
  path: Assets/Modern tiles_Free/Old/Tileset_16x16_2.png
  artifactKey: Guid(68e074b4f86266d4183f81701a562f2f) Importer(815301076,1909f56bfc062723c751e8b465ee728b)
Start importing Assets/Modern tiles_Free/Old/Tileset_16x16_2.png using Guid(68e074b4f86266d4183f81701a562f2f) Importer(815301076,1909f56bfc062723c751e8b465ee728b) (PreviewImporter) -> (artifact id: '052d79d285ac15ee0bc88eb0b66bc4c9') in 0.0343656 seconds
Number of updated asset objects reloaded before import = 0Number of asset objects unloaded after import = 4

========================================================================
Received Import Request.
  Time since last request: 0.190801 seconds.
  path: Assets/Modern tiles_Free/Old/Tileset_32x32_2.png
  artifactKey: Guid(643ab05a6f5fbd649a59a1a40cb8e466) Importer(815301076,1909f56bfc062723c751e8b465ee728b)
Start importing Assets/Modern tiles_Free/Old/Tileset_32x32_2.png using Guid(643ab05a6f5fbd649a59a1a40cb8e466) Importer(815301076,1909f56bfc062723c751e8b465ee728b) (PreviewImporter) -> (artifact id: '03f5ea93f29a1b1df29564ff6f1fba88') in 0.0326132 seconds
Number of updated asset objects reloaded before import = 0Number of asset objects unloaded after import = 4

========================================================================
Received Import Request.
  Time since last request: 0.000033 seconds.
  path: Assets/Modern tiles_Free/Old/Tileset_48x48_2.png
  artifactKey: Guid(75565ff0429fdce448e2bcb39ec20689) Importer(815301076,1909f56bfc062723c751e8b465ee728b)
Start importing Assets/Modern tiles_Free/Old/Tileset_48x48_2.png using Guid(75565ff0429fdce448e2bcb39ec20689) Importer(815301076,1909f56bfc062723c751e8b465ee728b) (PreviewImporter) -> (artifact id: '05ce1eac57f19b1dd1420bddd16e7fc6') in 0.0376076 seconds
Number of updated asset objects reloaded before import = 0Number of asset objects unloaded after import = 4

========================================================================
Received Import Request.
  Time since last request: 0.000035 seconds.
  path: Assets/Modern tiles_Free/Old/Tileset_32x32_9.png
  artifactKey: Guid(81c61f23dbb54a449bc35b0465259506) Importer(815301076,1909f56bfc062723c751e8b465ee728b)
Start importing Assets/Modern tiles_Free/Old/Tileset_32x32_9.png using Guid(81c61f23dbb54a449bc35b0465259506) Importer(815301076,1909f56bfc062723c751e8b465ee728b) (PreviewImporter) -> (artifact id: 'baec52b8ba56c43efac627d838461c0c') in 0.032482 seconds
Number of updated asset objects reloaded before import = 0Number of asset objects unloaded after import = 3

========================================================================
Received Import Request.
  Time since last request: 0.000041 seconds.
  path: Assets/Modern tiles_Free/Old/Tileset_48x48_16.png
  artifactKey: Guid(9f80f4f5d05842b4695186ddf460af40) Importer(815301076,1909f56bfc062723c751e8b465ee728b)
Start importing Assets/Modern tiles_Free/Old/Tileset_48x48_16.png using Guid(9f80f4f5d05842b4695186ddf460af40) Importer(815301076,1909f56bfc062723c751e8b465ee728b) (PreviewImporter) -> (artifact id: '2852616dbe0c7c18431b9f04ff32c799') in 0.0332416 seconds
Number of updated asset objects reloaded before import = 0Number of asset objects unloaded after import = 3

========================================================================
Received Import Request.
  Time since last request: 19.385543 seconds.
  path: Assets/Modern tiles_Free/Old/Tileset_16x16_1.png
  artifactKey: Guid(5aa8240eb822c7b4b9e21cacb58bb71f) Importer(815301076,1909f56bfc062723c751e8b465ee728b)
Start importing Assets/Modern tiles_Free/Old/Tileset_16x16_1.png using Guid(5aa8240eb822c7b4b9e21cacb58bb71f) Importer(815301076,1909f56bfc062723c751e8b465ee728b) (PreviewImporter) -> (artifact id: 'beb79842a65421122f9eed468455aa38') in 0.0385037 seconds
Number of updated asset objects reloaded before import = 0Number of asset objects unloaded after import = 4

========================================================================
Received Import Request.
  Time since last request: 0.896721 seconds.
  path: Assets/Modern tiles_Free/Old/Tileset_16x16_1.png
  artifactKey: Guid(5aa8240eb822c7b4b9e21cacb58bb71f) Importer(2089858483,b0f066a214c2f5e87bad3c948f4d605d)
Start importing Assets/Modern tiles_Free/Old/Tileset_16x16_1.png using Guid(5aa8240eb822c7b4b9e21cacb58bb71f) Importer(2089858483,b0f066a214c2f5e87bad3c948f4d605d) (ScriptedImporter) -> (artifact id: '7554b371109a4ba7c94a0a6a8d2f1045') in 0.0331797 seconds
Number of updated asset objects reloaded before import = 0Number of asset objects unloaded after import = 4

========================================================================
Received Import Request.
  Time since last request: 1175.398278 seconds.
  path: Assets/TextMesh Pro/Resources/Fonts & Materials/LiberationSans SDF - Drop Shadow.mat
  artifactKey: Guid(e73a58f6e2794ae7b1b7e50b7fb811b0) Importer(2089858483,b0f066a214c2f5e87bad3c948f4d605d)
Start importing Assets/TextMesh Pro/Resources/Fonts & Materials/LiberationSans SDF - Drop Shadow.mat using Guid(e73a58f6e2794ae7b1b7e50b7fb811b0) Importer(2089858483,b0f066a214c2f5e87bad3c948f4d605d) (ScriptedImporter) -> (artifact id: '67f2d0f2982b078e68e7748f254313ef') in 0.0818589 seconds
Number of updated asset objects reloaded before import = 0Number of asset objects unloaded after import = 3

========================================================================
Received Import Request.
  Time since last request: 0.000050 seconds.
  path: Assets/TextMesh Pro/Shaders/TMP_SDF.shader
  artifactKey: Guid(68e6db2ebdc24f95958faec2be5558d6) Importer(2089858483,b0f066a214c2f5e87bad3c948f4d605d)
Start importing Assets/TextMesh Pro/Shaders/TMP_SDF.shader using Guid(68e6db2ebdc24f95958faec2be5558d6) Importer(2089858483,b0f066a214c2f5e87bad3c948f4d605d) (ScriptedImporter)Shader 'TextMeshPro/Distance Field': fallback shader 'TextMeshPro/Mobile/Distance Field' not found
 -> (artifact id: 'a75b320ec0d5d8e1630f15689b14627f') in 0.0454489 seconds
Number of updated asset objects reloaded before import = 0Number of asset objects unloaded after import = 1

========================================================================
Received Import Request.
  Time since last request: 0.000062 seconds.
  path: Assets/TextMesh Pro/Fonts/LiberationSans.ttf
  artifactKey: Guid(e3265ab4bf004d28a9537516768c1c75) Importer(2089858483,b0f066a214c2f5e87bad3c948f4d605d)
Start importing Assets/TextMesh Pro/Fonts/LiberationSans.ttf using Guid(e3265ab4bf004d28a9537516768c1c75) Importer(2089858483,b0f066a214c2f5e87bad3c948f4d605d) (ScriptedImporter) -> (artifact id: '4de6eb9f8fb71efb5f3c80cfc4540113') in 0.0636551 seconds
Number of updated asset objects reloaded before import = 0Number of asset objects unloaded after import = 3

========================================================================
Received Import Request.
  Time since last request: 0.000049 seconds.
  path: Assets/TextMesh Pro/Shaders/TMP_SDF-Surface.shader
  artifactKey: Guid(f7ada0af4f174f0694ca6a487b8f543d) Importer(2089858483,b0f066a214c2f5e87bad3c948f4d605d)
Start importing Assets/TextMesh Pro/Shaders/TMP_SDF-Surface.shader using Guid(f7ada0af4f174f0694ca6a487b8f543d) Importer(2089858483,b0f066a214c2f5e87bad3c948f4d605d) (ScriptedImporter) -> (artifact id: 'ce6fc4dc82108f216c69dec8608b0787') in 0.0390183 seconds
Number of updated asset objects reloaded before import = 0Number of asset objects unloaded after import = 1

========================================================================
Received Import Request.
  Time since last request: 0.000049 seconds.
  path: Assets/TextMesh Pro
  artifactKey: Guid(f54d1bd14bd3ca042bd867b519fee8cc) Importer(2089858483,b0f066a214c2f5e87bad3c948f4d605d)
Start importing Assets/TextMesh Pro using Guid(f54d1bd14bd3ca042bd867b519fee8cc) Importer(2089858483,b0f066a214c2f5e87bad3c948f4d605d) (ScriptedImporter) -> (artifact id: '68bc3c54324cc5bdf662911f3874e476') in 0.0463224 seconds
Number of updated asset objects reloaded before import = 0Number of asset objects unloaded after import = 1

========================================================================
Received Import Request.
  Time since last request: 0.000069 seconds.
  path: Assets/TextMesh Pro/Resources/Fonts & Materials/LiberationSans SDF - Outline.mat
  artifactKey: Guid(79459efec17a4d00a321bdcc27bbc385) Importer(2089858483,b0f066a214c2f5e87bad3c948f4d605d)
Start importing Assets/TextMesh Pro/Resources/Fonts & Materials/LiberationSans SDF - Outline.mat using Guid(79459efec17a4d00a321bdcc27bbc385) Importer(2089858483,b0f066a214c2f5e87bad3c948f4d605d) (ScriptedImporter) -> (artifact id: '402e0c151391ad004e5243564f4aaaa9') in 0.0719066 seconds
Number of updated asset objects reloaded before import = 0Number of asset objects unloaded after import = 3

========================================================================
Received Import Request.
  Time since last request: 0.000046 seconds.
  path: Assets/TextMesh Pro/Fonts/LiberationSans - OFL.txt
  artifactKey: Guid(6e59c59b81ab47f9b6ec5781fa725d2c) Importer(2089858483,b0f066a214c2f5e87bad3c948f4d605d)
Start importing Assets/TextMesh Pro/Fonts/LiberationSans - OFL.txt using Guid(6e59c59b81ab47f9b6ec5781fa725d2c) Importer(2089858483,b0f066a214c2f5e87bad3c948f4d605d) (ScriptedImporter) -> (artifact id: '142d4df4b3b8ad340c8d7dbad45666c5') in 0.0344235 seconds
Number of updated asset objects reloaded before import = 0Number of asset objects unloaded after import = 1

========================================================================
Received Import Request.
  Time since last request: 0.000060 seconds.
  path: Assets/TextMesh Pro/Shaders/TMP_SDF-HDRP UNLIT.shadergraph
  artifactKey: Guid(f63d574838ccfb44f84acc05fed0af48) Importer(2089858483,b0f066a214c2f5e87bad3c948f4d605d)
Start importing Assets/TextMesh Pro/Shaders/TMP_SDF-HDRP UNLIT.shadergraph using Guid(f63d574838ccfb44f84acc05fed0af48) Importer(2089858483,b0f066a214c2f5e87bad3c948f4d605d) (ScriptedImporter) -> (artifact id: 'c9562cb03716cddb87e4bb3d171167f7') in 0.1652045 seconds
Number of updated asset objects reloaded before import = 0Number of asset objects unloaded after import = 3

========================================================================
Received Import Request.
  Time since last request: 0.000062 seconds.
  path: Assets/TextMesh Pro/Shaders/TMP_SDF-Mobile-2-Pass.shader
  artifactKey: Guid(0178fcb869bafef4690d177d31d17db8) Importer(2089858483,b0f066a214c2f5e87bad3c948f4d605d)
Start importing Assets/TextMesh Pro/Shaders/TMP_SDF-Mobile-2-Pass.shader using Guid(0178fcb869bafef4690d177d31d17db8) Importer(2089858483,b0f066a214c2f5e87bad3c948f4d605d) (ScriptedImporter) -> (artifact id: '812085df873bbc7485936b538c3b640d') in 0.0430983 seconds
Number of updated asset objects reloaded before import = 0Number of asset objects unloaded after import = 1

========================================================================
Received Import Request.
  Time since last request: 0.000036 seconds.
  path: Assets/TextMesh Pro/Shaders/TMPro_Properties.cginc
  artifactKey: Guid(3997e2241185407d80309a82f9148466) Importer(2089858483,b0f066a214c2f5e87bad3c948f4d605d)
Start importing Assets/TextMesh Pro/Shaders/TMPro_Properties.cginc using Guid(3997e2241185407d80309a82f9148466) Importer(2089858483,b0f066a214c2f5e87bad3c948f4d605d) (ScriptedImporter) -> (artifact id: '6acf34796a5411d15d8101c33f84c0b3') in 0.0338401 seconds
Number of updated asset objects reloaded before import = 0Number of asset objects unloaded after import = 1

========================================================================
Received Import Request.
  Time since last request: 0.000051 seconds.
  path: Assets/TextMesh Pro/Shaders/TMP_SDF-URP Lit.shadergraph
  artifactKey: Guid(a3d800b099a06e0478fb790c5e79057a) Importer(2089858483,b0f066a214c2f5e87bad3c948f4d605d)
Start importing Assets/TextMesh Pro/Shaders/TMP_SDF-URP Lit.shadergraph using Guid(a3d800b099a06e0478fb790c5e79057a) Importer(2089858483,b0f066a214c2f5e87bad3c948f4d605d) (ScriptedImporter) -> (artifact id: '94d35ba0da5488bb239328082fe7afc6') in 0.073874 seconds
Number of updated asset objects reloaded before import = 0Number of asset objects unloaded after import = 4

========================================================================
Received Import Request.
  Time since last request: 0.000081 seconds.
  path: Assets/TextMesh Pro/Shaders/TMP_SDF-Surface-Mobile.shader
  artifactKey: Guid(85187c2149c549c5b33f0cdb02836b17) Importer(2089858483,b0f066a214c2f5e87bad3c948f4d605d)
Start importing Assets/TextMesh Pro/Shaders/TMP_SDF-Surface-Mobile.shader using Guid(85187c2149c549c5b33f0cdb02836b17) Importer(2089858483,b0f066a214c2f5e87bad3c948f4d605d) (ScriptedImporter) -> (artifact id: '9d098513281e9a3018aaeae444ec1559') in 0.0388001 seconds
Number of updated asset objects reloaded before import = 0Number of asset objects unloaded after import = 1

========================================================================
Received Import Request.
  Time since last request: 0.000041 seconds.
  path: Assets/TextMesh Pro/Shaders/TMP_Bitmap-Mobile.shader
  artifactKey: Guid(1e3b057af24249748ff873be7fafee47) Importer(2089858483,b0f066a214c2f5e87bad3c948f4d605d)
Start importing Assets/TextMesh Pro/Shaders/TMP_Bitmap-Mobile.shader using Guid(1e3b057af24249748ff873be7fafee47) Importer(2089858483,b0f066a214c2f5e87bad3c948f4d605d) (ScriptedImporter) -> (artifact id: '08680ff65a582a6b8d76affb82a40e35') in 0.0422166 seconds
Number of updated asset objects reloaded before import = 0Number of asset objects unloaded after import = 1

========================================================================
Received Import Request.
  Time since last request: 0.000071 seconds.
  path: Assets/TextMesh Pro/Shaders/TMPro_Surface.cginc
  artifactKey: Guid(d930090c0cd643c7b55f19a38538c162) Importer(2089858483,b0f066a214c2f5e87bad3c948f4d605d)
Start importing Assets/TextMesh Pro/Shaders/TMPro_Surface.cginc using Guid(d930090c0cd643c7b55f19a38538c162) Importer(2089858483,b0f066a214c2f5e87bad3c948f4d605d) (ScriptedImporter) -> (artifact id: '0f9e3c090539f43374c0a9a9005688af') in 0.0344212 seconds
Number of updated asset objects reloaded before import = 0Number of asset objects unloaded after import = 1

========================================================================
Received Import Request.
  Time since last request: 0.000160 seconds.
  path: Assets/TextMesh Pro/Shaders/TMPro_Mobile.cginc
  artifactKey: Guid(c334973cef89a9840b0b0c507e0377ab) Importer(2089858483,b0f066a214c2f5e87bad3c948f4d605d)
Start importing Assets/TextMesh Pro/Shaders/TMPro_Mobile.cginc using Guid(c334973cef89a9840b0b0c507e0377ab) Importer(2089858483,b0f066a214c2f5e87bad3c948f4d605d) (ScriptedImporter) -> (artifact id: '17746d8ae7aea0e9446a98baec3da54d') in 0.0364673 seconds
Number of updated asset objects reloaded before import = 0Number of asset objects unloaded after import = 1

========================================================================
Received Import Request.
  Time since last request: 0.000041 seconds.
  path: Assets/TextMesh Pro/Shaders/TMPro.cginc
  artifactKey: Guid(407bc68d299748449bbf7f48ee690f8d) Importer(2089858483,b0f066a214c2f5e87bad3c948f4d605d)
Start importing Assets/TextMesh Pro/Shaders/TMPro.cginc using Guid(407bc68d299748449bbf7f48ee690f8d) Importer(2089858483,b0f066a214c2f5e87bad3c948f4d605d) (ScriptedImporter) -> (artifact id: '817ccfa82cbbf163e8876e8adfb42c2f') in 0.0333634 seconds
Number of updated asset objects reloaded before import = 0Number of asset objects unloaded after import = 1

========================================================================
Received Import Request.
  Time since last request: 0.000111 seconds.
  path: Assets/TextMesh Pro/Shaders/TMP_SDF Overlay.shader
  artifactKey: Guid(dd89cf5b9246416f84610a006f916af7) Importer(2089858483,b0f066a214c2f5e87bad3c948f4d605d)
Start importing Assets/TextMesh Pro/Shaders/TMP_SDF Overlay.shader using Guid(dd89cf5b9246416f84610a006f916af7) Importer(2089858483,b0f066a214c2f5e87bad3c948f4d605d) (ScriptedImporter)Shader 'TextMeshPro/Distance Field Overlay': fallback shader 'TextMeshPro/Mobile/Distance Field' not found
 -> (artifact id: '7fbdcdff3ca57887d267433064fc2bba') in 0.0420131 seconds
Number of updated asset objects reloaded before import = 0Number of asset objects unloaded after import = 1

========================================================================
Received Import Request.
  Time since last request: 0.000055 seconds.
  path: Assets/TextMesh Pro/Resources/TMP Settings.asset
  artifactKey: Guid(3f5b5dff67a942289a9defa416b206f3) Importer(2089858483,b0f066a214c2f5e87bad3c948f4d605d)
Start importing Assets/TextMesh Pro/Resources/TMP Settings.asset using Guid(3f5b5dff67a942289a9defa416b206f3) Importer(2089858483,b0f066a214c2f5e87bad3c948f4d605d) (ScriptedImporter) -> (artifact id: '47518fe1cdecac62d9cd3c8825fea17f') in 0.1235414 seconds
Number of updated asset objects reloaded before import = 0Number of asset objects unloaded after import = 17

========================================================================
Received Import Request.
  Time since last request: 0.000071 seconds.
  path: Assets/TextMesh Pro/Shaders/TMP_Bitmap.shader
  artifactKey: Guid(128e987d567d4e2c824d754223b3f3b0) Importer(2089858483,b0f066a214c2f5e87bad3c948f4d605d)
Start importing Assets/TextMesh Pro/Shaders/TMP_Bitmap.shader using Guid(128e987d567d4e2c824d754223b3f3b0) Importer(2089858483,b0f066a214c2f5e87bad3c948f4d605d) (ScriptedImporter) -> (artifact id: '273a1b07db0cd1b37548a49fb0fe82dc') in 0.0383371 seconds
Number of updated asset objects reloaded before import = 0Number of asset objects unloaded after import = 1

========================================================================
Received Import Request.
  Time since last request: 0.000077 seconds.
  path: Assets/TextMesh Pro/Shaders/TMP_SDF-URP Unlit.shadergraph
  artifactKey: Guid(124c112a6e8f1a54e8b0870e881b56d8) Importer(2089858483,b0f066a214c2f5e87bad3c948f4d605d)
Start importing Assets/TextMesh Pro/Shaders/TMP_SDF-URP Unlit.shadergraph using Guid(124c112a6e8f1a54e8b0870e881b56d8) Importer(2089858483,b0f066a214c2f5e87bad3c948f4d605d) (ScriptedImporter) -> (artifact id: 'c97255da803a00a5f715ab4dcaddf014') in 0.0634757 seconds
Number of updated asset objects reloaded before import = 0Number of asset objects unloaded after import = 4

========================================================================
Received Import Request.
  Time since last request: 0.000038 seconds.
  path: Assets/TextMesh Pro/Shaders/SDFFunctions.hlsl
  artifactKey: Guid(96de908384869cd409c75efa351d5edf) Importer(2089858483,b0f066a214c2f5e87bad3c948f4d605d)
Start importing Assets/TextMesh Pro/Shaders/SDFFunctions.hlsl using Guid(96de908384869cd409c75efa351d5edf) Importer(2089858483,b0f066a214c2f5e87bad3c948f4d605d) (ScriptedImporter) -> (artifact id: 'e80fd869c0b3d6371983a7a08c1ea1b5') in 0.0305997 seconds
Number of updated asset objects reloaded before import = 0Number of asset objects unloaded after import = 1

========================================================================
Received Import Request.
  Time since last request: 0.000054 seconds.
  path: Assets/TextMesh Pro/Resources/Fonts & Materials/LiberationSans SDF - Fallback.asset
  artifactKey: Guid(2e498d1c8094910479dc3e1b768306a4) Importer(2089858483,b0f066a214c2f5e87bad3c948f4d605d)
Start importing Assets/TextMesh Pro/Resources/Fonts & Materials/LiberationSans SDF - Fallback.asset using Guid(2e498d1c8094910479dc3e1b768306a4) Importer(2089858483,b0f066a214c2f5e87bad3c948f4d605d) (ScriptedImporter) -> (artifact id: '945e79b9fd232849f7af6d3fd49a5c83') in 0.0777974 seconds
Number of updated asset objects reloaded before import = 0Number of asset objects unloaded after import = 6

========================================================================
Received Import Request.
  Time since last request: 0.000095 seconds.
  path: Assets/TextMesh Pro/Resources/Style Sheets/Default Style Sheet.asset
  artifactKey: Guid(f952c082cb03451daed3ee968ac6c63e) Importer(2089858483,b0f066a214c2f5e87bad3c948f4d605d)
Start importing Assets/TextMesh Pro/Resources/Style Sheets/Default Style Sheet.asset using Guid(f952c082cb03451daed3ee968ac6c63e) Importer(2089858483,b0f066a214c2f5e87bad3c948f4d605d) (ScriptedImporter) -> (artifact id: 'ccc775fa97a4ee5dd7e6a3978e22e518') in 0.0311894 seconds
Number of updated asset objects reloaded before import = 0Number of asset objects unloaded after import = 1

Editor requested this worker to shutdown with reason: Scaling down because of idle timeout
AssetImportWorker is now disconnected from the server
Process exiting
Exiting without the bug reporter. Application will terminate with return code 0